// Jest Snapshot v1, https://goo.gl/fbAQLP

exports[`<TextBody /> should render the heading 1`] = `
<main
  class=""
>
  <h1>
    TextBody
  </h1>
</main>
`;
